{
  "__class__": "HashMap",
  "err": "",
  "out": "topic-partition-2: created\n"
}