{
  "__class__": "HashMap",
  "err": "",
  "out": "topic1: created\ntopic2: created\n"
}