{
  "__class__": "HashMap",
  "err": "",
  "out": ""
}