{
  "__class__": "HashMap",
  "err": "Command create ([topic1, topic2], 1, 1) failed: Failed create new KafkaAdminClient\n",
  "out": ""
}